<html>
<body>
<pre>
<h1>µVision Build Log</h1>
<h2>Project:</h2>
C:\Users\Dell\Desktop\Microwave oven EmbeddedC project\Microwave Oven.uvproj
Project File Date:  05/20/2022

<h2>Output:</h2>
Build target 'Target 1'
compiling main.c...
prototypes.h(14): warning:  #1-D: last line of file ends without a newline
  uint32_t charToint(uint8_t k);
main.c(38): warning:  #177-D: label "Idle" was declared but never referenced
        Idle:           LCD_command(1);                                 //clear the lcd.
main.c: 2 warnings, 0 errors
linking...
Program Size: Code=1992 RO-data=668 RW-data=4 ZI-data=612  
".\Microwave Oven.axf" - 0 Error(s), 2 Warning(s).
Load "C:\\Users\\Dell\\Desktop\\Microwave oven EmbeddedC project\\Microwave Oven.axf" 
Connecting: Mode=JTAG, Speed=1000000Hz
Erase Done.
Programming Done.
Verify OK.
</pre>
</body>
</html>
