<html>
<body>
<pre>
<h1>µVision Build Log</h1>
<h2>Project:</h2>
C:\Users\Dell\Desktop\final edition inshallah\Microwave-Oven-EmbeddedC-Project\test1.uvproj
Project File Date:  05/25/2022

<h2>Output:</h2>
Build target 'Target 1'
linking...
Program Size: Code=6616 RO-data=668 RW-data=116 ZI-data=516  
".\test1.axf" - 0 Error(s), 0 Warning(s).
Load "C:\\Users\\Dell\\Desktop\\final edition inshallah\\Microwave-Oven-EmbeddedC-Project\\test1.axf" 
Connecting: Mode=JTAG, Speed=1000000Hz
Erase Done.
Programming Done.
Verify OK.
</pre>
</body>
</html>
is unreachable
                break;
Io.c(235): warning:  #111-D: statement is unreachable
                break;
Io.c(239): warning:  #111-D: statement is unreachable
                break;
Io.c(243): warning:  #111-D: statement is unreachable
                break;
Io.c(245): warning:  #940-D: missing return statement at end of non-void function "readpin"
  }
Io.c(254): warning:  #111-D: statement is unreachable
                break;
Io.c(258): warning:  #111-D: statement is unreachable
                break;
Io.c(262): warning:  #111-D: statement is unreachable
                break;
Io.c(266): warning:  #111-D: statement is unreachable
                break;
Io.c(270): warning:  #111-D: statement is unreachable
                break;
Io.c(274): warning:  #111-D: statement is unreachable
                break;
Io.c(276): warning:  #940-D: missing return statement at end of non-void function "readport"
  }
Io.c: 15 warnings, 0 errors
linking...
Program Size: Code=6616 RO-data=668 RW-data=116 ZI-data=516  
".\test1.axf" - 0 Error(s), 15 Warning(s).
Load "C:\\Users\\Dell\\Desktop\\final edition inshallah\\Microwave-Oven-EmbeddedC-Project\\test1.axf" 
Connecting: Mode=JTAG, Speed=1000000Hz
Erase Done.
Programming Done.
Verify OK.
55): warning:  #111-D: statement is unreachable
        return 0;
test2.c(356): warning:  #1-D: last line of file ends without a newline
  }
test2.c(332): warning:  #177-D: label "Idle" was declared but never referenced
      Idle:
test2.c: 17 warnings, 0 errors
compiling buzzer.c...
linking...
Program Size: Code=6616 RO-data=668 RW-data=116 ZI-data=516  
".\test1.axf" - 0 Error(s), 17 Warning(s).
Load "C:\\Users\\Dell\\Desktop\\final edition inshallah\\Microwave-Oven-EmbeddedC-Project\\test1.axf" 
Connecting: Mode=JTAG, Speed=1000000Hz
Erase Done.
Programming Done.
Verify OK.
ne of file ends without a newline
  }
test2.c(332): warning:  #177-D: label "Idle" was declared but never referenced
      Idle:
test2.c: 20 warnings, 0 errors
linking...
.\test1.axf: Error: L6218E: Undefined symbol ClosedDoor (referred from test2.o).
Not enough information to list image symbols.
Finished: 1 information, 0 warning and 1 error messages.
".\test1.axf" - 1 Error(s), 20 Warning(s).
Target not created
nreachable
                break;
Io.c(262): warning:  #111-D: statement is unreachable
                break;
Io.c(266): warning:  #111-D: statement is unreachable
                break;
Io.c(270): warning:  #111-D: statement is unreachable
                break;
Io.c(274): warning:  #111-D: statement is unreachable
                break;
Io.c(276): warning:  #940-D: missing return statement at end of non-void function "readport"
  }
Io.c: 15 warnings, 0 errors
compiling LCD.c...
compiling keypad.c...
es.h(4): warning:  #1-D: last line of file ends without a newline
  #define  readbit(reg,bit) (reg&(1<<bit))>>bit
keypad.c(52): warning:  #223-D: function "delayUs" declared implicitly
                delayUs(2);                                                                                                                                                                                             /* wait for signal to settle */
keypad.c(78): warning:  #1-D: last line of file ends without a newline
  }
keypad.c: 3 warnings, 0 errors
compiling buzzer.c...
buzzer.c(19): warning:  #1295-D: Deprecated declaration ClosedDoor - give arg types
  int ClosedDoor();
buzzer.c: 1 warning, 0 errors
linking...
Program Size: Code=6400 RO-data=668 RW-data=120 ZI-data=512  
".\test1.axf" - 0 Error(s), 35 Warning(s).
