<html>
<body>
<pre>
<h1>µVision Build Log</h1>
<h2>Project:</h2>
C:\Users\Dell\Downloads\the working one\test1.uvproj
Project File Date:  05/23/2022

<h2>Output:</h2>
Build target 'Target 1'
compiling test2.c...
LCD.h(1): warning:  #1295-D: Deprecated declaration lcdInit - give arg types
  void lcdInit ();
LCD.h(6): warning:  #1295-D: Deprecated declaration clear - give arg types
  void clear();
LCD.h(8): warning:  #1-D: last line of file ends without a newline
        
keypad.h(2): warning:  #1-D: last line of file ends without a newline
  unsigned char keypad_getkey(void);
buzzer.h(1): warning:  #1-D: last line of file ends without a newline
  void PORTA_Init();
buzzer.h(1): warning:  #1295-D: Deprecated declaration PORTA_Init - give arg types
  void PORTA_Init();
test2.c(25): warning:  #1295-D: Deprecated declaration error - give arg types
  void error();
test2.c(45): warning:  #177-D: variable "flag" was declared but never referenced
        int i, m, s, flag = 0;
test2.c(46): warning:  #177-D: variable "mins" was declared but never referenced
        unsigned char mins, secs, minutes[2], seconds[2];
test2.c(46): warning:  #177-D: variable "secs" was declared but never referenced
        unsigned char mins, secs, minutes[2], seconds[2];
test2.c(46): warning:  #177-D: variable "minutes" was declared but never referenced
        unsigned char mins, secs, minutes[2], seconds[2];
test2.c(46): warning:  #177-D: variable "seconds" was declared but never referenced
        unsigned char mins, secs, minutes[2], seconds[2];
test2.c(101): warning:  #111-D: statement is unreachable
        sendstring("enter a leter");
test2.c(179): warning:  #111-D: statement is unreachable
        return 0;
test2.c: 14 warnings, 0 errors
linking...
Program Size: Code=4496 RO-data=668 RW-data=88 ZI-data=512  
".\test1.axf" - 0 Error(s), 14 Warning(s).
Load "C:\\Users\\Dell\\Downloads\\the working one\\test1.axf" 
Connecting: Mode=JTAG, Speed=1000000Hz
Connection failed!, error code=&d
Error: Flash Download failed  -  Target DLL has been cancelled
</pre>
</body>
</html>
